Microchip MPLAB XC8 Compiler V2.46

Linker command line:

-W-3 \
  --edf=C:\Program Files\Microchip\xc8\v2.46\pic\dat\20240104201356_en.msgs \
  -cn -h+dist/default/production\CAR_BLACKBOX.X.production.sym \
  --cmf=dist/default/production\CAR_BLACKBOX.X.production.cmf -z -Q18F4580 \
  -oC:\Users\SARANG~1\AppData\Local\Temp\xcAs390.\driver_tmp_3.o \
  --defsym=__MPLAB_BUILD=1 --fixupoverflow=error \
  -Mdist/default/production/CAR_BLACKBOX.X.production.map \
  --md=C:\Users\SARANG~1\AppData\Local\Temp\xcAs390.\driver_tmp_0.dat -E1 \
  -ver=XC8 Compiler --acfsm=1493 -ACODE=00h-03000h -ACONST=00h-03000h \
  -ASMALLCONST=0600h-06FFhx42,03000h-03000h -AMEDIUMCONST=0600h-03000h \
  -ACOMRAM=01h-05Fh -AABS1=00h-05FFh -ABIGRAM=01h-05FFh \
  -ARAM=060h-0FFh,0100h-01FFhx5 -ABANK0=060h-0FFh -ABANK1=0100h-01FFh \
  -ABANK2=0200h-02FFh -ABANK3=0300h-03FFh -ABANK4=0400h-04FFh \
  -ABANK5=0500h-05FFh -ASFR=0D00h-0DFFhx2,0F00h-0F5Fh,0F60h-0FFFh \
  -ABIGSFR=0D00h-0FFFh -ACONFIG=0300000h-030000Dh -AIDLOC=0200000h-0200007h \
  -AEEDATA=0F00000h-0F000FFh -peeprom_data=EEDATA \
  -preset_vec=00h,intcode=8h,intcodelo,powerup,init -pramtop=0600h \
  -psmallconst=SMALLCONST -pmediumconst=MEDIUMCONST -pconst=CONST \
  -AFARRAM=00h-00h \
  -prdata=COMRAM,nvrram=COMRAM,nvbit=COMRAM,rbss=COMRAM,rbit=COMRAM \
  -pfarbss=FARRAM,fardata=FARRAM,nvFARRAM=FARRAM \
  -pintsave_regs=BIGRAM,bigbss=BIGRAM,bigdata=BIGRAM -pbss=RAM \
  -pidata=CODE,irdata=CODE,ibigdata=CODE,ifardata=CODE -prparam=COMRAM \
  C:\Users\SARANG~1\AppData\Local\Temp\xcAs390.\driver_tmp_9.o \
  dist/default/production\CAR_BLACKBOX.X.production.o 

Object code version is 3.11

Machine type is 18F4580



                Name                               Link     Load   Length Selector   Space Scale
C:\Users\SARANG~1\AppData\Local\Temp\xcAs390.\driver_tmp_9.o
                idloc                            200000   200000        8        0       5
                config                           300000   300000        E        0       4
                init                                  E        E        4        4       0
                reset_vec                             0        0        4        0       0
dist/default/production\CAR_BLACKBOX.X.production.o
                intcode                               8        8        6        4       0
                idloc                            200000   200000        8        0       5
                config                           300000   300000        E        0       4
                temp                                 5F       5F        1        1       1
                mediumconst                        2E90     2E90      170     1748       0
                intcode_body                       1D0C     1D0C       5E        4       0
                text47                               12       12      39A        4       0
                text46                             143E     143E      106        4       0
                text45                              DE6      DE6      1B4        4       0
                text44                             1E38     1E38       3A        4       0
                text43                             1BD8     1BD8       6C        4       0
                text42                             1F54     1F54       18        4       0
                text41                             1A6A     1A6A       84        4       0
                text40                             1FD0     1FD0       12        4       0
                text39                             2022     2022        8        4       0
                text38                             201A     201A        8        4       0
                text37                             1FFE     1FFE        C        4       0
                text36                             1DF8     1DF8       40        4       0
                text35                              3AC      3AC      31E        4       0
                text34                             1B64     1B64       74        4       0
                text33                             1CA8     1CA8       64        4       0
                text32                             1840     1840       9C        4       0
                text31                             1FE2     1FE2       10        4       0
                text30                             202A     202A        6        4       0
                text29                             2012     2012        8        4       0
                text28                             1FF2     1FF2        C        4       0
                text27                             200A     200A        8        4       0
                text26                             1ED2     1ED2       2A        4       0
                text25                             19E6     19E6       84        4       0
                text24                             1544     1544       E0        4       0
                text23                             121A     121A      11C        4       0
                text22                             16E8     16E8       B0        4       0
                text21                             1F82     1F82       16        4       0
                text20                             1E72     1E72       36        4       0
                text19                             1EA8     1EA8       2A        4       0
                text18                              F9A      F9A      144        4       0
                text17                             1EFC     1EFC       20        4       0
                text16                             1798     1798       A8        4       0
                text15                             1F1C     1F1C       1E        4       0
                text14                             1D6A     1D6A       48        4       0
                text13                             1F6C     1F6C       16        4       0
                text12                             1FBE     1FBE       12        4       0
                text11                             1F98     1F98       14        4       0
                text10                             1FAC     1FAC       12        4       0
                text9                              18DC     18DC       86        4       0
                text8                              10DE     10DE      13C        4       0
                text7                              1624     1624       C4        4       0
                text6                              1962     1962       84        4       0
                text5                               6CA      6CA      2E8        4       0
                text4                              1DB2     1DB2       46        4       0
                text3                              1336     1336      108        4       0
                text2                              1AEE     1AEE       76        4       0
                text1                               9B2      9B2      24C        4       0
                text0                               BFE      BFE      1E8        4       0
                cstackCOMRAM                          1        1       38        1       1
                dataBANK0                            9F       9F       1A       60       1
                bssBANK0                             60       60       3F       60       1
                dataCOMRAM                           5C       5C        3        1       1
                bssCOMRAM                            39       39       23        1       1
                cinit                              1C44     1C44       64        4       0
                idataBANK0                         1F3A     1F3A       1A        4       0
                idataCOMRAM                        2030     2030        3        4       0

TOTAL           Name                               Link     Load   Length     Space
        CLASS   CODE           
                intcode                               8        8        6         0
                init                                  E        E        4         0
                reset_vec                             0        0        4         0
                intcode_body                       1D0C     1D0C       5E         0
                text47                               12       12      39A         0
                text46                             143E     143E      106         0
                text45                              DE6      DE6      1B4         0
                text44                             1E38     1E38       3A         0
                text43                             1BD8     1BD8       6C         0
                text42                             1F54     1F54       18         0
                text41                             1A6A     1A6A       84         0
                text40                             1FD0     1FD0       12         0
                text39                             2022     2022        8         0
                text38                             201A     201A        8         0
                text37                             1FFE     1FFE        C         0
                text36                             1DF8     1DF8       40         0
                text35                              3AC      3AC      31E         0
                text34                             1B64     1B64       74         0
                text33                             1CA8     1CA8       64         0
                text32                             1840     1840       9C         0
                text31                             1FE2     1FE2       10         0
                text30                             202A     202A        6         0
                text29                             2012     2012        8         0
                text28                             1FF2     1FF2        C         0
                text27                             200A     200A        8         0
                text26                             1ED2     1ED2       2A         0
                text25                             19E6     19E6       84         0
                text24                             1544     1544       E0         0
                text23                             121A     121A      11C         0
                text22                             16E8     16E8       B0         0
                text21                             1F82     1F82       16         0
                text20                             1E72     1E72       36         0
                text19                             1EA8     1EA8       2A         0
                text18                              F9A      F9A      144         0
                text17                             1EFC     1EFC       20         0
                text16                             1798     1798       A8         0
                text15                             1F1C     1F1C       1E         0
                text14                             1D6A     1D6A       48         0
                text13                             1F6C     1F6C       16         0
                text12                             1FBE     1FBE       12         0
                text11                             1F98     1F98       14         0
                text10                             1FAC     1FAC       12         0
                text9                              18DC     18DC       86         0
                text8                              10DE     10DE      13C         0
                text7                              1624     1624       C4         0
                text6                              1962     1962       84         0
                text5                               6CA      6CA      2E8         0
                text4                              1DB2     1DB2       46         0
                text3                              1336     1336      108         0
                text2                              1AEE     1AEE       76         0
                text1                               9B2      9B2      24C         0
                text0                               BFE      BFE      1E8         0
                cinit                              1C44     1C44       64         0
                idataBANK0                         1F3A     1F3A       1A         0
                idataCOMRAM                        2030     2030        3         0

        CLASS   CONST          

        CLASS   SMALLCONST     

        CLASS   MEDIUMCONST    
                mediumconst                        2E90     2E90      170         0

        CLASS   COMRAM         
                temp                                 5F       5F        1         1
                cstackCOMRAM                          1        1       38         1
                dataCOMRAM                           5C       5C        3         1
                bssCOMRAM                            39       39       23         1

        CLASS   ABS1           

        CLASS   BIGRAM         

        CLASS   RAM            

        CLASS   BANK0          
                dataBANK0                            9F       9F       1A         1
                bssBANK0                             60       60       3F         1

        CLASS   BANK1          

        CLASS   BANK2          

        CLASS   BANK3          

        CLASS   BANK4          

        CLASS   BANK5          

        CLASS   SFR            

        CLASS   BIGSFR         

        CLASS   CONFIG         
                config                           300000   300000        E         4

        CLASS   IDLOC          
                idloc                            200000   200000        8         5

        CLASS   EEDATA         

        CLASS   FARRAM         

        CLASS   HEAP           

        CLASS   STACK          



SEGMENTS        Name                           Load    Length   Top    Selector   Space  Class

                reset_vec                      000000  000004  000004         0       0  CODE    
                cstackCOMRAM                   000001  00005F  000060         1       1  COMRAM  
                intcode                        000008  00202B  002033         4       0  CODE    
                bssBANK0                       000060  000059  0000B9        60       1  BANK0   
                mediumconst                    002E90  000170  003000      1748       0  MEDIUMCO


UNUSED ADDRESS RANGES

        Name                Unused          Largest block    Delta
        BANK0            0000B9-0000FF               47
        BANK1            000100-0001FF              100
        BANK2            000200-0002FF              100
        BANK3            000300-0003FF              100
        BANK4            000400-0004FF              100
        BANK5            000500-0005FF              100
        BIGRAM           0000B9-0005FF              547
        BIGSFR           000D00-000FFF              300
        CODE             000004-000007                4
                         002033-002E8F              E5D
                         003000-003000                1
        CONST            000004-000007                4
                         002033-002E8F              E5D
                         003000-003000                1
        EEDATA           F00000-F000FF              100
        MEDIUMCONST      002033-002E8F              E5D
                         003000-003000                1
        RAM              0000B9-0005FF              100
        SFR              000D00-000FFF              100
        SMALLCONST       002033-002E8F              100
                         003000-003000                1

                                  Symbol Table

?___awdiv                      cstackCOMRAM 000001
?___awmod                      cstackCOMRAM 000009
?___fldiv                      cstackCOMRAM 000016
?___fltol                      cstackCOMRAM 00002F
?___lwdiv                      cstackCOMRAM 000001
?___lwmod                      cstackCOMRAM 000001
?___xxtofl                     cstackCOMRAM 000008
?_my_strcmp                    cstackCOMRAM 000001
?_my_strcp                     cstackCOMRAM 000001
?_read_adc                     cstackCOMRAM 000001
_ACKDT                         (abs)        007E2D
_ACKEN                         (abs)        007E2C
_ACKSTAT                       (abs)        007E2E
_ACQT0                         (abs)        007E03
_ACQT1                         (abs)        007E04
_ACQT2                         (abs)        007E05
_ADCON0                        (abs)        000FC2
_ADCON1                        (abs)        000FC1
_ADCS0                         (abs)        007E00
_ADCS1                         (abs)        007E01
_ADCS2                         (abs)        007E02
_ADFM                          (abs)        007E07
_ADON                          (abs)        007E10
_ADRESH                        (abs)        000FC4
_ADRESL                        (abs)        000FC3
_BCLIF                         (abs)        007D0B
_BRGH                          (abs)        007D62
_CKE                           (abs)        007E3E
_CREN                          (abs)        007D5C
_GIE                           (abs)        007F97
_GO                            (abs)        007E11
_GODONE                        (abs)        007E11
_PEIE                          (abs)        007F96
_PEN                           (abs)        007E2A
_PORTB                         (abs)        000F81
_PORTBbits                     (abs)        000F81
_PORTD                         (abs)        000F83
_PSA                           (abs)        007EAB
_RBPU                          (abs)        007F8F
_RC0                           (abs)        007C10
_RC1                           (abs)        007C11
_RC2                           (abs)        007C12
_RCEN                          (abs)        007E2B
_RCIE                          (abs)        007CED
_RCIF                          (abs)        007CF5
_RCREG                         (abs)        000FAE
_RD7                           (abs)        007C1F
_RSEN                          (abs)        007E29
_SEN                           (abs)        007E28
_SMP                           (abs)        007E3F
_SPBRG                         (abs)        000FAF
_SPEN                          (abs)        007D5F
_SSPADD                        (abs)        000FC8
_SSPBUF                        (abs)        000FC9
_SSPCON1                       (abs)        000FC6
_SSPIF                         (abs)        007CF3
_T08BIT                        (abs)        007EAE
_T0CS                          (abs)        007EAD
_TMR0                          (abs)        000FD6
_TMR0IE                        (abs)        007F95
_TMR0IF                        (abs)        007F92
_TMR0ON                        (abs)        007EAF
_TRISB                         (abs)        000F93
_TRISC                         (abs)        000F94
_TRISC3                        (abs)        007CA3
_TRISC4                        (abs)        007CA4
_TRISC6                        (abs)        007CA6
_TRISC7                        (abs)        007CA7
_TRISD                         (abs)        000F95
_TRISD7                        (abs)        007CAF
_TXIF                          (abs)        007CF4
_TXREG                         (abs)        000FAD
_VCFG0                         (abs)        007E0C
_VCFG1                         (abs)        007E0D
__HRAM                         (abs)        000000
__H__absolute__                __absolute__ 000000
__Habs1                        abs1         000000
__Hbank0                       bank0        000000
__Hbank1                       bank1        000000
__Hbank2                       bank2        000000
__Hbank3                       bank3        000000
__Hbank4                       bank4        000000
__Hbank5                       bank5        000000
__Hbigbss                      bigbss       000000
__Hbigdata                     bigdata      000000
__Hbigram                      bigram       000000
__Hbigsfr                      bigsfr       000000
__Hbss                         bss          000000
__HbssBANK0                    bssBANK0     000000
__HbssCOMRAM                   bssCOMRAM    000000
__Hcinit                       cinit        000000
__Hclrtext                     clrtext      000000
__Hcomram                      comram       000000
__Hconfig                      config       30000E
__Hconst                       const        000000
__HcstackCOMRAM                cstackCOMRAM 000000
__Hdata                        data         000000
__HdataBANK0                   dataBANK0    000000
__HdataCOMRAM                  dataCOMRAM   000000
__Heeprom_data                 eeprom_data  000000
__Hfarbss                      farbss       000000
__Hfardata                     fardata      000000
__Hheap                        heap         000000
__Hibigdata                    ibigdata     000000
__Hidata                       idata        000000
__HidataBANK0                  idataBANK0   000000
__HidataCOMRAM                 idataCOMRAM  000000
__Hidloc                       idloc        200008
__Hifardata                    ifardata     000000
__Hinit                        init         000012
__Hintcode                     intcode      00000E
__Hintcode_body                intcode_body 000000
__Hintcodelo                   intcodelo    00000E
__Hintentry                    intentry     000000
__Hintret                      intret       000000
__Hintsave_regs                intsave_regs 000000
__Hirdata                      irdata       000000
__Hmediumconst                 mediumconst  003000
__HnvFARRAM                    nvFARRAM     000000
__Hnvbit                       nvbit        000000
__Hnvrram                      nvrram       000000
__Hparam                       rparam       000000
__Hpowerup                     powerup      00000E
__Hram                         ram          000000
__Hramtop                      ramtop       000600
__Hrbit                        rbit         000000
__Hrbss                        rbss         000000
__Hrdata                       rdata        000000
__Hreset_vec                   reset_vec    000004
__Hrparam                      rparam       000000
__Hsfr                         sfr          000000
__Hsivt_hi                     sivt_hi      000000
__Hsivt_lo                     sivt_lo      000000
__Hsmallconst                  smallconst   000000
__Hspace_0                     (abs)        003000
__Hspace_1                     (abs)        0000B9
__Hspace_2                     (abs)        000000
__Hspace_4                     (abs)        60000E
__Hstack                       stack        000000
__Hstruct                      struct       000000
__Htemp                        temp         000060
__Htext                        text         000000
__Htext0                       text0        000000
__Htext1                       text1        000000
__Htext10                      text10       000000
__Htext11                      text11       000000
__Htext12                      text12       000000
__Htext13                      text13       000000
__Htext14                      text14       000000
__Htext15                      text15       000000
__Htext16                      text16       000000
__Htext17                      text17       000000
__Htext18                      text18       000000
__Htext19                      text19       000000
__Htext2                       text2        000000
__Htext20                      text20       000000
__Htext21                      text21       000000
__Htext22                      text22       000000
__Htext23                      text23       000000
__Htext24                      text24       000000
__Htext25                      text25       000000
__Htext26                      text26       000000
__Htext27                      text27       000000
__Htext28                      text28       000000
__Htext29                      text29       000000
__Htext3                       text3        000000
__Htext30                      text30       000000
__Htext31                      text31       000000
__Htext32                      text32       000000
__Htext33                      text33       000000
__Htext34                      text34       000000
__Htext35                      text35       000000
__Htext36                      text36       000000
__Htext37                      text37       000000
__Htext38                      text38       000000
__Htext39                      text39       000000
__Htext4                       text4        000000
__Htext40                      text40       000000
__Htext41                      text41       000000
__Htext42                      text42       000000
__Htext43                      text43       000000
__Htext44                      text44       000000
__Htext45                      text45       000000
__Htext46                      text46       000000
__Htext47                      text47       000000
__Htext5                       text5        000000
__Htext6                       text6        000000
__Htext7                       text7        000000
__Htext8                       text8        000000
__Htext9                       text9        000000
__LRAM                         (abs)        000001
__L__absolute__                __absolute__ 000000
__Labs1                        abs1         000000
__Lbank0                       bank0        000000
__Lbank1                       bank1        000000
__Lbank2                       bank2        000000
__Lbank3                       bank3        000000
__Lbank4                       bank4        000000
__Lbank5                       bank5        000000
__Lbigbss                      bigbss       000000
__Lbigdata                     bigdata      000000
__Lbigram                      bigram       000000
__Lbigsfr                      bigsfr       000000
__Lbss                         bss          000000
__LbssBANK0                    bssBANK0     000000
__LbssCOMRAM                   bssCOMRAM    000000
__Lcinit                       cinit        000000
__Lclrtext                     clrtext      000000
__Lcomram                      comram       000000
__Lconfig                      config       000000
__Lconst                       const        000000
__LcstackCOMRAM                cstackCOMRAM 000000
__Ldata                        data         000000
__LdataBANK0                   dataBANK0    000000
__LdataCOMRAM                  dataCOMRAM   000000
__Leeprom_data                 eeprom_data  000000
__Lfarbss                      farbss       000000
__Lfardata                     fardata      000000
__Lheap                        heap         000000
__Libigdata                    ibigdata     000000
__Lidata                       idata        000000
__LidataBANK0                  idataBANK0   000000
__LidataCOMRAM                 idataCOMRAM  000000
__Lidloc                       idloc        000000
__Lifardata                    ifardata     000000
__Linit                        init         00000E
__Lintcode                     intcode      000008
__Lintcode_body                intcode_body 000000
__Lintcodelo                   intcodelo    00000E
__Lintentry                    intentry     000000
__Lintret                      intret       000000
__Lintsave_regs                intsave_regs 000000
__Lirdata                      irdata       000000
__Lmediumconst                 mediumconst  002E90
__LnvFARRAM                    nvFARRAM     000000
__Lnvbit                       nvbit        000000
__Lnvrram                      nvrram       000000
__Lparam                       rparam       000000
__Lpowerup                     powerup      00000E
__Lram                         ram          000000
__Lramtop                      ramtop       000600
__Lrbit                        rbit         000000
__Lrbss                        rbss         000000
__Lrdata                       rdata        000000
__Lreset_vec                   reset_vec    000000
__Lrparam                      rparam       000000
__Lsfr                         sfr          000000
__Lsivt_hi                     sivt_hi      000000
__Lsivt_lo                     sivt_lo      000000
__Lsmallconst                  smallconst   000000
__Lspace_0                     (abs)        000000
__Lspace_1                     (abs)        000000
__Lspace_2                     (abs)        000000
__Lspace_4                     (abs)        000000
__Lstack                       stack        000000
__Lstruct                      struct       000000
__Ltemp                        temp         00005F
__Ltext                        text         000000
__Ltext0                       text0        000000
__Ltext1                       text1        000000
__Ltext10                      text10       000000
__Ltext11                      text11       000000
__Ltext12                      text12       000000
__Ltext13                      text13       000000
__Ltext14                      text14       000000
__Ltext15                      text15       000000
__Ltext16                      text16       000000
__Ltext17                      text17       000000
__Ltext18                      text18       000000
__Ltext19                      text19       000000
__Ltext2                       text2        000000
__Ltext20                      text20       000000
__Ltext21                      text21       000000
__Ltext22                      text22       000000
__Ltext23                      text23       000000
__Ltext24                      text24       000000
__Ltext25                      text25       000000
__Ltext26                      text26       000000
__Ltext27                      text27       000000
__Ltext28                      text28       000000
__Ltext29                      text29       000000
__Ltext3                       text3        000000
__Ltext30                      text30       000000
__Ltext31                      text31       000000
__Ltext32                      text32       000000
__Ltext33                      text33       000000
__Ltext34                      text34       000000
__Ltext35                      text35       000000
__Ltext36                      text36       000000
__Ltext37                      text37       000000
__Ltext38                      text38       000000
__Ltext39                      text39       000000
__Ltext4                       text4        000000
__Ltext40                      text40       000000
__Ltext41                      text41       000000
__Ltext42                      text42       000000
__Ltext43                      text43       000000
__Ltext44                      text44       000000
__Ltext45                      text45       000000
__Ltext46                      text46       000000
__Ltext47                      text47       000000
__Ltext5                       text5        000000
__Ltext6                       text6        000000
__Ltext7                       text7        000000
__Ltext8                       text8        000000
__Ltext9                       text9        000000
__S0                           (abs)        003000
__S1                           (abs)        0000B9
__S4                           (abs)        000000
__S5                           (abs)        000000
___awdiv                       text7        001624
___awdiv@counter               cstackCOMRAM 000005
___awdiv@dividend              cstackCOMRAM 000001
___awdiv@divisor               cstackCOMRAM 000003
___awdiv@quotient              cstackCOMRAM 000007
___awdiv@sign                  cstackCOMRAM 000006
___awmod                       text22       0016E8
___awmod@counter               cstackCOMRAM 00000D
___awmod@dividend              cstackCOMRAM 000009
___awmod@divisor               cstackCOMRAM 00000B
___awmod@sign                  cstackCOMRAM 00000E
___fldiv                       text47       000012
___fldiv@a                     cstackCOMRAM 00001A
___fldiv@aexp                  cstackCOMRAM 00002E
___fldiv@b                     cstackCOMRAM 000016
___fldiv@bexp                  cstackCOMRAM 00002D
___fldiv@grs                   cstackCOMRAM 000029
___fldiv@new_exp               cstackCOMRAM 000027
___fldiv@rem                   cstackCOMRAM 000022
___fldiv@sign                  cstackCOMRAM 000026
___fltol                       text46       00143E
___fltol@exp1                  cstackCOMRAM 000038
___fltol@f1                    cstackCOMRAM 00002F
___fltol@sign1                 cstackCOMRAM 000037
___heap_hi                     (abs)        000000
___heap_lo                     (abs)        000000
___inthi_sp                    stack        000000
___inthi_stack_hi              stack        000000
___inthi_stack_lo              stack        000000
___intlo_sp                    stack        000000
___intlo_stack_hi              stack        000000
___intlo_stack_lo              stack        000000
___lwdiv                       text34       001B64
___lwdiv@counter               cstackCOMRAM 000007
___lwdiv@dividend              cstackCOMRAM 000001
___lwdiv@divisor               cstackCOMRAM 000003
___lwdiv@quotient              cstackCOMRAM 000005
___lwmod                       text33       001CA8
___lwmod@counter               cstackCOMRAM 000005
___lwmod@dividend              cstackCOMRAM 000001
___lwmod@divisor               cstackCOMRAM 000003
___param_bank                  (abs)        000000
___rparam_used                 (abs)        000001
___sp                          stack        000000
___stack_hi                    stack        000000
___stack_lo                    stack        000000
___xxtofl                      text45       000DE6
___xxtofl@arg                  cstackCOMRAM 000012
___xxtofl@exp                  cstackCOMRAM 000011
___xxtofl@sign                 cstackCOMRAM 000010
___xxtofl@val                  cstackCOMRAM 000008
__accesstop                    (abs)        000060
__activetblptr                 (abs)        000002
__end_of___awdiv               text7        0016E8
__end_of___awmod               text22       001798
__end_of___fldiv               text47       0003AC
__end_of___fltol               text46       001544
__end_of___lwdiv               text34       001BD8
__end_of___lwmod               text33       001D0C
__end_of___xxtofl              text45       000F9A
__end_of__initialization       cinit        001C9A
__end_of_change_pass           text35       0006CA
__end_of_clcd_print            text43       001C44
__end_of_clcd_putch            text42       001F6C
__end_of_clcd_write            text44       001E72
__end_of_clear_log             text32       0018DC
__end_of_dashboard             text23       001336
__end_of_display_time          text31       001FF2
__end_of_download_log          text18       0010DE
__end_of_get_time              text25       001A6A
__end_of_i2c_idle              text40       001FE2
__end_of_i2c_no_ack            text30       002030
__end_of_i2c_read              text28       001FFE
__end_of_i2c_rep_start         text27       002012
__end_of_i2c_rx_mode           text29       00201A
__end_of_i2c_start             text39       00202A
__end_of_i2c_stop              text38       002022
__end_of_i2c_write             text37       00200A
__end_of_init_adc              text17       001F1C
__end_of_init_clcd             text16       001840
__end_of_init_config           text9        001962
__end_of_init_ds1307           text14       001DB2
__end_of_init_i2c              text13       001F82
__end_of_init_matrix_keypad    text12       001FD0
__end_of_init_timer0           text11       001FAC
__end_of_init_uart             text10       001FBE
__end_of_isr                   intcode_body 001D6A
__end_of_main                  text0        000DE6
__end_of_menu                  text8        00121A
__end_of_my_strcmp             text6        0019E6
__end_of_my_strcp              text41       001AEE
__end_of_password              text5        0009B2
__end_of_putch                 text21       001F98
__end_of_puts                  text20       001EA8
__end_of_read_adc              text4        001DF8
__end_of_read_ds1307           text26       001EFC
__end_of_read_external_eeprom  text19       001ED2
__end_of_read_switches         text2        001B64
__end_of_scan_key              text3        00143E
__end_of_store_event           text24       001624
__end_of_view_log              text1        000BFE
__end_of_write_ds1307          text15       001F3A
__end_of_write_external_eeprom text36       001E38
__initialization               cinit        001C44
__mediumconst                  mediumconst  002E90
__pbssBANK0                    bssBANK0     000060
__pbssCOMRAM                   bssCOMRAM    000039
__pcinit                       cinit        001C44
__pcstackCOMRAM                cstackCOMRAM 000001
__pdataBANK0                   dataBANK0    00009F
__pdataCOMRAM                  dataCOMRAM   00005C
__pidataBANK0                  idataBANK0   001F3A
__pidataCOMRAM                 idataCOMRAM  002030
__pintcode                     intcode      000008
__pintcode_body                intcode_body 001D0C
__pmediumconst                 mediumconst  002E90
__ptext0                       text0        000BFE
__ptext1                       text1        0009B2
__ptext10                      text10       001FAC
__ptext11                      text11       001F98
__ptext12                      text12       001FBE
__ptext13                      text13       001F6C
__ptext14                      text14       001D6A
__ptext15                      text15       001F1C
__ptext16                      text16       001798
__ptext17                      text17       001EFC
__ptext18                      text18       000F9A
__ptext19                      text19       001EA8
__ptext2                       text2        001AEE
__ptext20                      text20       001E72
__ptext21                      text21       001F82
__ptext22                      text22       0016E8
__ptext23                      text23       00121A
__ptext24                      text24       001544
__ptext25                      text25       0019E6
__ptext26                      text26       001ED2
__ptext27                      text27       00200A
__ptext28                      text28       001FF2
__ptext29                      text29       002012
__ptext3                       text3        001336
__ptext30                      text30       00202A
__ptext31                      text31       001FE2
__ptext32                      text32       001840
__ptext33                      text33       001CA8
__ptext34                      text34       001B64
__ptext35                      text35       0003AC
__ptext36                      text36       001DF8
__ptext37                      text37       001FFE
__ptext38                      text38       00201A
__ptext39                      text39       002022
__ptext4                       text4        001DB2
__ptext40                      text40       001FD0
__ptext41                      text41       001A6A
__ptext42                      text42       001F54
__ptext43                      text43       001BD8
__ptext44                      text44       001E38
__ptext45                      text45       000DE6
__ptext46                      text46       00143E
__ptext47                      text47       000012
__ptext5                       text5        0006CA
__ptext6                       text6        001962
__ptext7                       text7        001624
__ptext8                       text8        0010DE
__ptext9                       text9        0018DC
__ramtop                       ramtop       000600
__smallconst                   smallconst   000000
_adc_reg_val                   bssCOMRAM    000042
_apend_index                   bssCOMRAM    000049
_chance                        dataCOMRAM   00005C
_change_pass                   text35       0003AC
_clcd_print                    text43       001BD8
_clcd_putch                    text42       001F54
_clcd_write                    text44       001E38
_clear_log                     text32       001840
_clock_reg                     bssCOMRAM    000039
_dashboard                     text23       00121A
_del                           bssCOMRAM    00003C
_delay                         bssCOMRAM    00003E
_display_time                  text31       001FE2
_download_array                bssBANK0     000060
_download_log                  text18       000F9A
_events                        dataBANK0    00009F
_get_time                      text25       0019E6
_i                             bssCOMRAM    000051
_i2c_idle                      text40       001FD0
_i2c_no_ack                    text30       00202A
_i2c_read                      text28       001FF2
_i2c_rep_start                 text27       00200A
_i2c_rx_mode                   text29       002012
_i2c_start                     text39       002022
_i2c_stop                      text38       00201A
_i2c_write                     text37       001FFE
_ind                           bssCOMRAM    000045
_index                         bssCOMRAM    000050
_init_adc                      text17       001EFC
_init_clcd                     text16       001798
_init_config                   text9        0018DC
_init_ds1307                   text14       001D6A
_init_i2c                      text13       001F6C
_init_matrix_keypad            text12       001FBE
_init_timer0                   text11       001F98
_init_uart                     text10       001FAC
_isr                           intcode      000008
_key                           bssCOMRAM    000056
_key_time                      bssCOMRAM    000040
_lap                           bssCOMRAM    00004C
_last                          bssCOMRAM    000046
_log_index                     bssCOMRAM    00004D
_logs                          dataBANK0    0000AF
_main                          text0        000BFE
_main_f                        bssCOMRAM    000054
_menu                          text8        0010DE
_menu_f                        bssCOMRAM    000053
_my_strcmp                     text6        001962
_my_strcp                      text41       001A6A
_overflow                      bssCOMRAM    00004B
_pass                          bssBANK0     00009A
_password                      text5        0006CA
_pre_key                       bssCOMRAM    000055
_press_delay                   bssBANK0     000085
_putch                         text21       001F82
_puts                          text20       001E72
_read_adc                      text4        001DB2
_read_ds1307                   text26       001ED2
_read_external_eeprom          text19       001EA8
_read_switches                 text2        001AEE
_reset_flag                    bssCOMRAM    000044
_scan_key                      text3        001336
_star_flag                     bssCOMRAM    00004F
_star_index                    bssCOMRAM    00004E
_start                         bssCOMRAM    000048
_start_index                   bssCOMRAM    00004A
_store                         bssBANK0     000076
_store_event                   text24       001544
_temp1                         bssCOMRAM    000057
_temp2                         bssBANK0     000090
_temp_password                 bssBANK0     000095
_tick_count                    dataCOMRAM   00005D
_time                          bssBANK0     000087
_var                           bssCOMRAM    000047
_view_array                    bssBANK0     00006B
_view_log                      text1        0009B2
_write_ds1307                  text15       001F1C
_write_external_eeprom         text36       001DF8
btemp                          temp         00005F
change_pass@delay              cstackCOMRAM 000013
change_pass@key                cstackCOMRAM 000017
clcd_print@addr                cstackCOMRAM 000005
clcd_print@data                cstackCOMRAM 000003
clcd_putch@addr                cstackCOMRAM 00000F
clcd_putch@data                cstackCOMRAM 000010
clcd_write@byte                cstackCOMRAM 000002
clcd_write@control_bit         cstackCOMRAM 000001
clear_log@key                  cstackCOMRAM 000008
download_log@j                 cstackCOMRAM 00000F
end_of_initialization          cinit        001C9A
i2c_write@data                 cstackCOMRAM 000001
init_config@j                  cstackCOMRAM 000006
init_ds1307@dummy              cstackCOMRAM 000004
int$flags                      temp         00005F
int_func                       intcode_body 001D0C
intlevel0                      text         000000
intlevel1                      text         000000
intlevel2                      text         000000
intlevel3                      text         000000
isa$std                        (abs)        000001
isa$xinst                      (abs)        000000
isr@count                      bssBANK0     000081
menu@key                       cstackCOMRAM 000011
my_strcmp@k                    cstackCOMRAM 000007
my_strcmp@last                 cstackCOMRAM 000005
my_strcmp@one                  cstackCOMRAM 000001
my_strcmp@two                  cstackCOMRAM 000002
my_strcp@k                     cstackCOMRAM 000007
my_strcp@last                  cstackCOMRAM 000005
my_strcp@one                   cstackCOMRAM 000001
my_strcp@two                   cstackCOMRAM 000002
password@delay                 cstackCOMRAM 00001B
password@key                   cstackCOMRAM 00001F
password@wait                  cstackCOMRAM 000013
putch@byte                     cstackCOMRAM 000001
puts@s                         cstackCOMRAM 000002
read_adc@channel               cstackCOMRAM 000007
read_adc@reg_val               cstackCOMRAM 000005
read_ds1307@address            cstackCOMRAM 000002
read_ds1307@data               cstackCOMRAM 000003
read_external_eeprom@address   cstackCOMRAM 000002
read_external_eeprom@data      cstackCOMRAM 000003
read_switches@detection_type   cstackCOMRAM 000001
read_switches@key              bssCOMRAM    000052
read_switches@once             dataCOMRAM   00005E
stackhi                        (abs)        000000
stacklo                        (abs)        000000
start                          init         00000E
start_initialization           cinit        001C44
store_event@k                  cstackCOMRAM 00000A
ttemp5                         temp         000060
ttemp6                         temp         000063
ttemp7                         temp         000067
view_log@j                     cstackCOMRAM 000016
view_log@key                   cstackCOMRAM 000018
write_ds1307@address           cstackCOMRAM 000003
write_ds1307@data              cstackCOMRAM 000002
write_external_eeprom@address  cstackCOMRAM 000005
write_external_eeprom@data     cstackCOMRAM 000002
write_external_eeprom@i        cstackCOMRAM 000003
wtemp8                         temp         000060


MODULE INFORMATION

Module		Function		Class		Link	Load	Size
C:\Program Files\Microchip\xc8\v2.46\pic\sources\c99\common\fltol.c
		___fltol       		CODE           	143E	0000	262

C:\Program Files\Microchip\xc8\v2.46\pic\sources\c99\common\fltol.c estimated size: 262

password.c
		_my_strcmp     		CODE           	1962	0000	132
		_password      		CODE           	06CA	0000	744

password.c estimated size: 876

download_log.c
		_download_log  		CODE           	0F9A	0000	324

download_log.c estimated size: 324

matrix_keypad.c
		_init_matrix_keypad		CODE           	1FBE	0000	18
		_read_switches 		CODE           	1AEE	0000	118
		_scan_key      		CODE           	1336	0000	264

matrix_keypad.c estimated size: 400

uart.c
		_putch         		CODE           	1F82	0000	22
		_init_uart     		CODE           	1FAC	0000	18
		_puts          		CODE           	1E72	0000	54

uart.c estimated size: 94

C:\Program Files\Microchip\xc8\v2.46\pic\sources\c99\common\lwdiv.c
		___lwdiv       		CODE           	1B64	0000	116

C:\Program Files\Microchip\xc8\v2.46\pic\sources\c99\common\lwdiv.c estimated size: 116

C:\Program Files\Microchip\xc8\v2.46\pic\sources\c99\common\awdiv.c
		___awdiv       		CODE           	1624	0000	196

C:\Program Files\Microchip\xc8\v2.46\pic\sources\c99\common\awdiv.c estimated size: 196

store_event.c
		_store_event   		CODE           	1544	0000	224

store_event.c estimated size: 224

C:\Program Files\Microchip\xc8\v2.46\pic\sources\c99\common\xxtofl.c
		___xxtofl      		CODE           	0DE6	0000	436

C:\Program Files\Microchip\xc8\v2.46\pic\sources\c99\common\xxtofl.c estimated size: 436

i2c.c
		_i2c_start     		CODE           	2022	0000	8
		_i2c_no_ack    		CODE           	202A	0000	6
		_i2c_rep_start 		CODE           	200A	0000	8
		_i2c_idle      		CODE           	1FD0	0000	18
		_i2c_write     		CODE           	1FFE	0000	12
		_i2c_stop      		CODE           	201A	0000	8
		_i2c_read      		CODE           	1FF2	0000	12
		_init_i2c      		CODE           	1F6C	0000	22
		_i2c_rx_mode   		CODE           	2012	0000	8

i2c.c estimated size: 102

dashboard.c
		_display_time  		CODE           	1FE2	0000	16
		_get_time      		CODE           	19E6	0000	132
		_dashboard     		CODE           	121A	0000	284

dashboard.c estimated size: 432

timer0.c
		_init_timer0   		CODE           	1F98	0000	20

timer0.c estimated size: 20

C:\Program Files\Microchip\xc8\v2.46\pic\sources\c99\common\sprcdiv.c
		___fldiv       		CODE           	0012	0000	922

C:\Program Files\Microchip\xc8\v2.46\pic\sources\c99\common\sprcdiv.c estimated size: 922

ds1307.c
		_read_ds1307   		CODE           	1ED2	0000	42
		_write_ds1307  		CODE           	1F1C	0000	30
		_init_ds1307   		CODE           	1D6A	0000	72

ds1307.c estimated size: 144

adc.c
		_init_adc      		CODE           	1EFC	0000	32
		_read_adc      		CODE           	1DB2	0000	70

adc.c estimated size: 102

clear_log.c
		_clear_log     		CODE           	1840	0000	156

clear_log.c estimated size: 156

isr.c
		_isr           		CODE           	0008	0000	100

isr.c estimated size: 100

external_eeprom.c
		_write_external_eeprom		CODE           	1DF8	0000	64
		_read_external_eeprom		CODE           	1EA8	0000	42

external_eeprom.c estimated size: 106

change_password.c
		_my_strcp      		CODE           	1A6A	0000	132
		_change_pass   		CODE           	03AC	0000	798

change_password.c estimated size: 930

shared
		__initialization		CODE           	1C44	0000	86

shared estimated size: 86

clcd.c
		_clcd_write    		CODE           	1E38	0000	58
		_clcd_print    		CODE           	1BD8	0000	108
		_clcd_putch    		CODE           	1F54	0000	24
		_init_clcd     		CODE           	1798	0000	168

clcd.c estimated size: 358

menu.c
		_menu          		CODE           	10DE	0000	316

menu.c estimated size: 316

C:\Program Files\Microchip\xc8\v2.46\pic\sources\c99\common\lwmod.c
		___lwmod       		CODE           	1CA8	0000	100

C:\Program Files\Microchip\xc8\v2.46\pic\sources\c99\common\lwmod.c estimated size: 100

C:\Program Files\Microchip\xc8\v2.46\pic\sources\c99\common\awmod.c
		___awmod       		CODE           	16E8	0000	176

C:\Program Files\Microchip\xc8\v2.46\pic\sources\c99\common\awmod.c estimated size: 176

main.c
		_main          		CODE           	0BFE	0000	488
		_init_config   		CODE           	18DC	0000	134

main.c estimated size: 622

view_log.c
		_view_log      		CODE           	09B2	0000	588

view_log.c estimated size: 588

