Microchip MPLAB XC8 Compiler V2.46

Linker command line:

-W-3 \
  --edf=C:\Program Files\Microchip\xc8\v2.46\pic\dat\20240104201356_en.msgs \
  -cn -h+dist/default/production\CAR_BLACKBOX.X.production.sym \
  --cmf=dist/default/production\CAR_BLACKBOX.X.production.cmf -z -Q18F4580 \
  -oC:\Users\SARANG~1\AppData\Local\Temp\xcAsb8g.\driver_tmp_3.o \
  --defsym=__MPLAB_BUILD=1 --fixupoverflow=error \
  -Mdist/default/production/CAR_BLACKBOX.X.production.map \
  --md=C:\Users\SARANG~1\AppData\Local\Temp\xcAsb8g.\driver_tmp_0.dat -E1 \
  -ver=XC8 Compiler --acfsm=1493 -ACODE=00h-07FFFh -ACONST=00h-07FFFh \
  -ASMALLCONST=0600h-06FFhx122 -AMEDIUMCONST=0600h-07FFFh -ACOMRAM=01h-05Fh \
  -AABS1=00h-05FFh -ABIGRAM=01h-05FFh -ARAM=060h-0FFh,0100h-01FFhx5 \
  -ABANK0=060h-0FFh -ABANK1=0100h-01FFh -ABANK2=0200h-02FFh \
  -ABANK3=0300h-03FFh -ABANK4=0400h-04FFh -ABANK5=0500h-05FFh \
  -ASFR=0D00h-0DFFhx2,0F00h-0F5Fh,0F60h-0FFFh -ABIGSFR=0D00h-0FFFh \
  -ACONFIG=0300000h-030000Dh -AIDLOC=0200000h-0200007h \
  -AEEDATA=0F00000h-0F000FFh -peeprom_data=EEDATA \
  -preset_vec=00h,intcode=8h,intcodelo,powerup,init -pramtop=0600h \
  -psmallconst=SMALLCONST -pmediumconst=MEDIUMCONST -pconst=CONST \
  -AFARRAM=00h-00h \
  -prdata=COMRAM,nvrram=COMRAM,nvbit=COMRAM,rbss=COMRAM,rbit=COMRAM \
  -pfarbss=FARRAM,fardata=FARRAM,nvFARRAM=FARRAM \
  -pintsave_regs=BIGRAM,bigbss=BIGRAM,bigdata=BIGRAM -pbss=RAM \
  -pidata=CODE,irdata=CODE,ibigdata=CODE,ifardata=CODE -prparam=COMRAM \
  C:\Users\SARANG~1\AppData\Local\Temp\xcAsb8g.\driver_tmp_9.o \
  dist/default/production\CAR_BLACKBOX.X.production.o 

Object code version is 3.11

Machine type is 18F4580



                Name                               Link     Load   Length Selector   Space Scale
C:\Users\SARANG~1\AppData\Local\Temp\xcAsb8g.\driver_tmp_9.o
                idloc                            200000   200000        8        0       5
                config                           300000   300000        E        0       4
                init                                  E        E        4        4       0
                reset_vec                             0        0        4        0       0
dist/default/production\CAR_BLACKBOX.X.production.o
                intcode                               8        8        6        4       0
                idloc                            200000   200000        8        0       5
                config                           300000   300000        E        0       4
                temp                                 4F       4F        1        1       1
                smallconst                          600      600       9C      300       0
                intcode_body                       125A     125A       5C      34E       0
                text35                             1116     1116       74      34E       0
                text34                             11F6     11F6       64      34E       0
                text33                             13BE     13BE       3A      34E       0
                text32                             148A     148A       18      34E       0
                text31                             118A     118A       6C      34E       0
                text30                             14F0     14F0       10      34E       0
                text29                             1544     1544        6      A92       0
                text28                             14DE     14DE       12      34E       0
                text27                             153C     153C        8      A92       0
                text26                             150C     150C        C      34E       0
                text25                             1534     1534        8      A92       0
                text24                             152C     152C        8      A92       0
                text23                             1524     1524        8      A92       0
                text22                             1500     1500        C      34E       0
                text21                             1422     1422       2A      34E       0
                text20                              FA6      FA6       80      34E       0
                text19                              9BE      9BE      17A      34E       0
                text18                             144C     144C       20      34E       0
                text17                              E7A      E7A       A8      34E       0
                text16                             146C     146C       1E      34E       0
                text15                             12B6     12B6       48      34E       0
                text14                             14A2     14A2       16      34E       0
                text13                             14CC     14CC       12      34E       0
                text12                             14B8     14B8       14      34E       0
                text11                             13F8     13F8       2A      34E       0
                text10                             1344     1344       40      34E       0
                text9                              1026     1026       7A      34E       0
                text8                              154A     154A        2      A92       0
                text7                               D06      D06       C4      34E       0
                text6                               DCA      DCA       B0      34E       0
                text5                               F22      F22       84      34E       0
                text4                               69C      69C      322      34E       0
                text3                              12FE     12FE       46      34E       0
                text2                               B38      B38      108      34E       0
                text1                              10A0     10A0       76      34E       0
                text0                               C40      C40       C6      34E       0
                cstackCOMRAM                         24       24       20        1       1
                dataCOMRAM                           44       44        B        1       1
                bssCOMRAM                             1        1       23        1       1
                cinit                              1384     1384       3A      34E       0
                idataCOMRAM                        1518     1518        B      34E       0

TOTAL           Name                               Link     Load   Length     Space
        CLASS   CODE           
                intcode                               8        8        6         0
                init                                  E        E        4         0
                reset_vec                             0        0        4         0
                intcode_body                       125A     125A       5C         0
                text35                             1116     1116       74         0
                text34                             11F6     11F6       64         0
                text33                             13BE     13BE       3A         0
                text32                             148A     148A       18         0
                text31                             118A     118A       6C         0
                text30                             14F0     14F0       10         0
                text29                             1544     1544        6         0
                text28                             14DE     14DE       12         0
                text27                             153C     153C        8         0
                text26                             150C     150C        C         0
                text25                             1534     1534        8         0
                text24                             152C     152C        8         0
                text23                             1524     1524        8         0
                text22                             1500     1500        C         0
                text21                             1422     1422       2A         0
                text20                              FA6      FA6       80         0
                text19                              9BE      9BE      17A         0
                text18                             144C     144C       20         0
                text17                              E7A      E7A       A8         0
                text16                             146C     146C       1E         0
                text15                             12B6     12B6       48         0
                text14                             14A2     14A2       16         0
                text13                             14CC     14CC       12         0
                text12                             14B8     14B8       14         0
                text11                             13F8     13F8       2A         0
                text10                             1344     1344       40         0
                text9                              1026     1026       7A         0
                text8                              154A     154A        2         0
                text7                               D06      D06       C4         0
                text6                               DCA      DCA       B0         0
                text5                               F22      F22       84         0
                text4                               69C      69C      322         0
                text3                              12FE     12FE       46         0
                text2                               B38      B38      108         0
                text1                              10A0     10A0       76         0
                text0                               C40      C40       C6         0
                cinit                              1384     1384       3A         0
                idataCOMRAM                        1518     1518        B         0

        CLASS   CONST          

        CLASS   SMALLCONST     
                smallconst                          600      600       9C         0

        CLASS   MEDIUMCONST    

        CLASS   COMRAM         
                temp                                 4F       4F        1         1
                cstackCOMRAM                         24       24       20         1
                dataCOMRAM                           44       44        B         1
                bssCOMRAM                             1        1       23         1

        CLASS   ABS1           

        CLASS   BIGRAM         

        CLASS   RAM            

        CLASS   BANK0          

        CLASS   BANK1          

        CLASS   BANK2          

        CLASS   BANK3          

        CLASS   BANK4          

        CLASS   BANK5          

        CLASS   SFR            

        CLASS   BIGSFR         

        CLASS   CONFIG         
                config                           300000   300000        E         4

        CLASS   IDLOC          
                idloc                            200000   200000        8         5

        CLASS   EEDATA         

        CLASS   FARRAM         

        CLASS   HEAP           

        CLASS   STACK          



SEGMENTS        Name                           Load    Length   Top    Selector   Space  Class

                reset_vec                      000000  000004  000004         0       0  CODE    
                bssCOMRAM                      000001  00004F  000050         1       1  COMRAM  
                intcode                        000008  00000A  000012         4       0  CODE    
                smallconst                     000600  00009C  00069C       300       0  SMALLCON
                text4                          00069C  000E87  001523       34E       0  CODE    
                text23                         001524  000028  00154C       A92       0  CODE    


UNUSED ADDRESS RANGES

        Name                Unused          Largest block    Delta
        BANK0            000060-0000FF               A0
        BANK1            000100-0001FF              100
        BANK2            000200-0002FF              100
        BANK3            000300-0003FF              100
        BANK4            000400-0004FF              100
        BANK5            000500-0005FF              100
        BIGRAM           000050-0005FF              5B0
        BIGSFR           000D00-000FFF              300
        CODE             000004-000007                4
                         000012-0005FF              5EE
                         001523-001523                1
                         00154C-007FFF             6AB4
        COMRAM           000050-00005F               10
        CONST            000004-000007                4
                         000012-0005FF              5EE
                         001523-001523                1
                         00154C-007FFF             6AB4
        EEDATA           F00000-F000FF              100
        MEDIUMCONST      001523-001523                1
                         00154C-007FFF             6AB4
        RAM              000060-0005FF              100
        SFR              000D00-000FFF              100
        SMALLCONST       001523-001523                1
                         00154C-007FFF              100

                                  Symbol Table

?___awdiv                      cstackCOMRAM 000024
?___awmod                      cstackCOMRAM 00002C
?___lwdiv                      cstackCOMRAM 000024
?___lwmod                      cstackCOMRAM 00002B
?_my_strcmp                    cstackCOMRAM 000024
?_read_adc                     cstackCOMRAM 000024
_ACKDT                         (abs)        007E2D
_ACKEN                         (abs)        007E2C
_ACKSTAT                       (abs)        007E2E
_ACQT0                         (abs)        007E03
_ACQT1                         (abs)        007E04
_ACQT2                         (abs)        007E05
_ADCON0                        (abs)        000FC2
_ADCON1                        (abs)        000FC1
_ADCS0                         (abs)        007E00
_ADCS1                         (abs)        007E01
_ADCS2                         (abs)        007E02
_ADFM                          (abs)        007E07
_ADON                          (abs)        007E10
_ADRESH                        (abs)        000FC4
_ADRESL                        (abs)        000FC3
_BCLIF                         (abs)        007D0B
_CKE                           (abs)        007E3E
_GIE                           (abs)        007F97
_GO                            (abs)        007E11
_GODONE                        (abs)        007E11
_PEIE                          (abs)        007F96
_PEN                           (abs)        007E2A
_PORTB                         (abs)        000F81
_PORTBbits                     (abs)        000F81
_PORTD                         (abs)        000F83
_PSA                           (abs)        007EAB
_RBPU                          (abs)        007F8F
_RC0                           (abs)        007C10
_RC1                           (abs)        007C11
_RC2                           (abs)        007C12
_RCEN                          (abs)        007E2B
_RD7                           (abs)        007C1F
_RSEN                          (abs)        007E29
_SEN                           (abs)        007E28
_SMP                           (abs)        007E3F
_SSPADD                        (abs)        000FC8
_SSPBUF                        (abs)        000FC9
_SSPCON1                       (abs)        000FC6
_SSPIF                         (abs)        007CF3
_T08BIT                        (abs)        007EAE
_T0CS                          (abs)        007EAD
_TMR0                          (abs)        000FD6
_TMR0IE                        (abs)        007F95
_TMR0IF                        (abs)        007F92
_TMR0ON                        (abs)        007EAF
_TRISB                         (abs)        000F93
_TRISC                         (abs)        000F94
_TRISC3                        (abs)        007CA3
_TRISC4                        (abs)        007CA4
_TRISD                         (abs)        000F95
_TRISD7                        (abs)        007CAF
_VCFG0                         (abs)        007E0C
_VCFG1                         (abs)        007E0D
__HRAM                         (abs)        000000
__H__absolute__                __absolute__ 000000
__Habs1                        abs1         000000
__Hbank0                       bank0        000000
__Hbank1                       bank1        000000
__Hbank2                       bank2        000000
__Hbank3                       bank3        000000
__Hbank4                       bank4        000000
__Hbank5                       bank5        000000
__Hbigbss                      bigbss       000000
__Hbigdata                     bigdata      000000
__Hbigram                      bigram       000000
__Hbigsfr                      bigsfr       000000
__Hbss                         bss          000000
__HbssCOMRAM                   bssCOMRAM    000000
__Hcinit                       cinit        000000
__Hclrtext                     clrtext      000000
__Hcomram                      comram       000000
__Hconfig                      config       30000E
__Hconst                       const        000000
__HcstackCOMRAM                cstackCOMRAM 000000
__Hdata                        data         000000
__HdataCOMRAM                  dataCOMRAM   000000
__Heeprom_data                 eeprom_data  000000
__Hfarbss                      farbss       000000
__Hfardata                     fardata      000000
__Hheap                        heap         000000
__Hibigdata                    ibigdata     000000
__Hidata                       idata        000000
__HidataCOMRAM                 idataCOMRAM  000000
__Hidloc                       idloc        200008
__Hifardata                    ifardata     000000
__Hinit                        init         000012
__Hintcode                     intcode      00000E
__Hintcode_body                intcode_body 000000
__Hintcodelo                   intcodelo    00000E
__Hintentry                    intentry     000000
__Hintret                      intret       000000
__Hintsave_regs                intsave_regs 000000
__Hirdata                      irdata       000000
__Hmediumconst                 mediumconst  000000
__HnvFARRAM                    nvFARRAM     000000
__Hnvbit                       nvbit        000000
__Hnvrram                      nvrram       000000
__Hparam                       rparam       000000
__Hpowerup                     powerup      00000E
__Hram                         ram          000000
__Hramtop                      ramtop       000600
__Hrbit                        rbit         000000
__Hrbss                        rbss         000000
__Hrdata                       rdata        000000
__Hreset_vec                   reset_vec    000004
__Hrparam                      rparam       000000
__Hsfr                         sfr          000000
__Hsivt_hi                     sivt_hi      000000
__Hsivt_lo                     sivt_lo      000000
__Hsmallconst                  smallconst   00069C
__Hspace_0                     (abs)        00154C
__Hspace_1                     (abs)        000050
__Hspace_2                     (abs)        000000
__Hspace_4                     (abs)        60000E
__Hstack                       stack        000000
__Hstruct                      struct       000000
__Htemp                        temp         000050
__Htext                        text         000000
__Htext0                       text0        000000
__Htext1                       text1        000000
__Htext10                      text10       000000
__Htext11                      text11       000000
__Htext12                      text12       000000
__Htext13                      text13       000000
__Htext14                      text14       000000
__Htext15                      text15       000000
__Htext16                      text16       000000
__Htext17                      text17       000000
__Htext18                      text18       000000
__Htext19                      text19       000000
__Htext2                       text2        000000
__Htext20                      text20       000000
__Htext21                      text21       000000
__Htext22                      text22       000000
__Htext23                      text23       000000
__Htext24                      text24       000000
__Htext25                      text25       000000
__Htext26                      text26       000000
__Htext27                      text27       000000
__Htext28                      text28       000000
__Htext29                      text29       000000
__Htext3                       text3        000000
__Htext30                      text30       000000
__Htext31                      text31       000000
__Htext32                      text32       000000
__Htext33                      text33       000000
__Htext34                      text34       000000
__Htext35                      text35       000000
__Htext4                       text4        000000
__Htext5                       text5        000000
__Htext6                       text6        000000
__Htext7                       text7        000000
__Htext8                       text8        000000
__Htext9                       text9        000000
__LRAM                         (abs)        000001
__L__absolute__                __absolute__ 000000
__Labs1                        abs1         000000
__Lbank0                       bank0        000000
__Lbank1                       bank1        000000
__Lbank2                       bank2        000000
__Lbank3                       bank3        000000
__Lbank4                       bank4        000000
__Lbank5                       bank5        000000
__Lbigbss                      bigbss       000000
__Lbigdata                     bigdata      000000
__Lbigram                      bigram       000000
__Lbigsfr                      bigsfr       000000
__Lbss                         bss          000000
__LbssCOMRAM                   bssCOMRAM    000000
__Lcinit                       cinit        000000
__Lclrtext                     clrtext      000000
__Lcomram                      comram       000000
__Lconfig                      config       000000
__Lconst                       const        000000
__LcstackCOMRAM                cstackCOMRAM 000000
__Ldata                        data         000000
__LdataCOMRAM                  dataCOMRAM   000000
__Leeprom_data                 eeprom_data  000000
__Lfarbss                      farbss       000000
__Lfardata                     fardata      000000
__Lheap                        heap         000000
__Libigdata                    ibigdata     000000
__Lidata                       idata        000000
__LidataCOMRAM                 idataCOMRAM  000000
__Lidloc                       idloc        000000
__Lifardata                    ifardata     000000
__Linit                        init         00000E
__Lintcode                     intcode      000008
__Lintcode_body                intcode_body 000000
__Lintcodelo                   intcodelo    00000E
__Lintentry                    intentry     000000
__Lintret                      intret       000000
__Lintsave_regs                intsave_regs 000000
__Lirdata                      irdata       000000
__Lmediumconst                 mediumconst  000000
__LnvFARRAM                    nvFARRAM     000000
__Lnvbit                       nvbit        000000
__Lnvrram                      nvrram       000000
__Lparam                       rparam       000000
__Lpowerup                     powerup      00000E
__Lram                         ram          000000
__Lramtop                      ramtop       000600
__Lrbit                        rbit         000000
__Lrbss                        rbss         000000
__Lrdata                       rdata        000000
__Lreset_vec                   reset_vec    000000
__Lrparam                      rparam       000000
__Lsfr                         sfr          000000
__Lsivt_hi                     sivt_hi      000000
__Lsivt_lo                     sivt_lo      000000
__Lsmallconst                  smallconst   000600
__Lspace_0                     (abs)        000000
__Lspace_1                     (abs)        000000
__Lspace_2                     (abs)        000000
__Lspace_4                     (abs)        000000
__Lstack                       stack        000000
__Lstruct                      struct       000000
__Ltemp                        temp         00004F
__Ltext                        text         000000
__Ltext0                       text0        000000
__Ltext1                       text1        000000
__Ltext10                      text10       000000
__Ltext11                      text11       000000
__Ltext12                      text12       000000
__Ltext13                      text13       000000
__Ltext14                      text14       000000
__Ltext15                      text15       000000
__Ltext16                      text16       000000
__Ltext17                      text17       000000
__Ltext18                      text18       000000
__Ltext19                      text19       000000
__Ltext2                       text2        000000
__Ltext20                      text20       000000
__Ltext21                      text21       000000
__Ltext22                      text22       000000
__Ltext23                      text23       000000
__Ltext24                      text24       000000
__Ltext25                      text25       000000
__Ltext26                      text26       000000
__Ltext27                      text27       000000
__Ltext28                      text28       000000
__Ltext29                      text29       000000
__Ltext3                       text3        000000
__Ltext30                      text30       000000
__Ltext31                      text31       000000
__Ltext32                      text32       000000
__Ltext33                      text33       000000
__Ltext34                      text34       000000
__Ltext35                      text35       000000
__Ltext4                       text4        000000
__Ltext5                       text5        000000
__Ltext6                       text6        000000
__Ltext7                       text7        000000
__Ltext8                       text8        000000
__Ltext9                       text9        000000
__S0                           (abs)        00154C
__S1                           (abs)        000050
__S4                           (abs)        000000
__S5                           (abs)        000000
___awdiv                       text7        000D06
___awdiv@counter               cstackCOMRAM 000028
___awdiv@dividend              cstackCOMRAM 000024
___awdiv@divisor               cstackCOMRAM 000026
___awdiv@quotient              cstackCOMRAM 00002A
___awdiv@sign                  cstackCOMRAM 000029
___awmod                       text6        000DCA
___awmod@counter               cstackCOMRAM 000030
___awmod@dividend              cstackCOMRAM 00002C
___awmod@divisor               cstackCOMRAM 00002E
___awmod@sign                  cstackCOMRAM 000031
___heap_hi                     (abs)        000000
___heap_lo                     (abs)        000000
___inthi_sp                    stack        000000
___inthi_stack_hi              stack        000000
___inthi_stack_lo              stack        000000
___intlo_sp                    stack        000000
___intlo_stack_hi              stack        000000
___intlo_stack_lo              stack        000000
___lwdiv                       text35       001116
___lwdiv@counter               cstackCOMRAM 00002A
___lwdiv@dividend              cstackCOMRAM 000024
___lwdiv@divisor               cstackCOMRAM 000026
___lwdiv@quotient              cstackCOMRAM 000028
___lwmod                       text34       0011F6
___lwmod@counter               cstackCOMRAM 00002F
___lwmod@dividend              cstackCOMRAM 00002B
___lwmod@divisor               cstackCOMRAM 00002D
___param_bank                  (abs)        000000
___rparam_used                 (abs)        000001
___sp                          stack        000000
___stack_hi                    stack        000000
___stack_lo                    stack        000000
__accesstop                    (abs)        000060
__activetblptr                 (abs)        000002
__end_of___awdiv               text7        000DCA
__end_of___awmod               text6        000E7A
__end_of___lwdiv               text35       00118A
__end_of___lwmod               text34       00125A
__end_of__initialization       cinit        0013B0
__end_of_clcd_print            text31       0011F6
__end_of_clcd_putch            text32       0014A2
__end_of_clcd_write            text33       0013F8
__end_of_dashboard             text19       000B38
__end_of_display_time          text30       001500
__end_of_get_time              text20       001026
__end_of_i2c_idle              text28       0014F0
__end_of_i2c_no_ack            text29       00154A
__end_of_i2c_read              text26       001518
__end_of_i2c_rep_start         text25       00153C
__end_of_i2c_rx_mode           text27       001544
__end_of_i2c_start             text24       001534
__end_of_i2c_stop              text23       00152C
__end_of_i2c_write             text22       00150C
__end_of_init_adc              text18       00146C
__end_of_init_clcd             text17       000F22
__end_of_init_config           text9        0010A0
__end_of_init_ds1307           text15       0012FE
__end_of_init_i2c              text14       0014B8
__end_of_init_matrix_keypad    text13       0014DE
__end_of_init_timer0           text12       0014CC
__end_of_isr                   intcode_body 0012B6
__end_of_main                  text0        000D06
__end_of_menu                  text8        00154C
__end_of_my_strcmp             text5        000FA6
__end_of_password              text4        0009BE
__end_of_read_adc              text3        001344
__end_of_read_ds1307           text21       00144C
__end_of_read_external_eeprom  text11       001422
__end_of_read_switches         text1        001116
__end_of_scan_key              text2        000C40
__end_of_write_ds1307          text16       00148A
__end_of_write_external_eeprom text10       001384
__initialization               cinit        001384
__mediumconst                  mediumconst  000000
__pbssCOMRAM                   bssCOMRAM    000001
__pcinit                       cinit        001384
__pcstackCOMRAM                cstackCOMRAM 000024
__pdataCOMRAM                  dataCOMRAM   000044
__pidataCOMRAM                 idataCOMRAM  001518
__pintcode                     intcode      000008
__pintcode_body                intcode_body 00125A
__psmallconst                  smallconst   000600
__ptext0                       text0        000C40
__ptext1                       text1        0010A0
__ptext10                      text10       001344
__ptext11                      text11       0013F8
__ptext12                      text12       0014B8
__ptext13                      text13       0014CC
__ptext14                      text14       0014A2
__ptext15                      text15       0012B6
__ptext16                      text16       00146C
__ptext17                      text17       000E7A
__ptext18                      text18       00144C
__ptext19                      text19       0009BE
__ptext2                       text2        000B38
__ptext20                      text20       000FA6
__ptext21                      text21       001422
__ptext22                      text22       001500
__ptext23                      text23       001524
__ptext24                      text24       00152C
__ptext25                      text25       001534
__ptext26                      text26       00150C
__ptext27                      text27       00153C
__ptext28                      text28       0014DE
__ptext29                      text29       001544
__ptext3                       text3        0012FE
__ptext30                      text30       0014F0
__ptext31                      text31       00118A
__ptext32                      text32       00148A
__ptext33                      text33       0013BE
__ptext34                      text34       0011F6
__ptext35                      text35       001116
__ptext4                       text4        00069C
__ptext5                       text5        000F22
__ptext6                       text6        000DCA
__ptext7                       text7        000D06
__ptext8                       text8        00154A
__ptext9                       text9        001026
__ramtop                       ramtop       000600
__smallconst                   smallconst   000600
_adc_reg_val                   bssCOMRAM    00000C
_chance                        dataCOMRAM   00004C
_clcd_print                    text31       00118A
_clcd_putch                    text32       00148A
_clcd_write                    text33       0013BE
_clock_reg                     bssCOMRAM    000005
_dashboard                     text19       0009BE
_delay                         bssCOMRAM    000008
_display_time                  text30       0014F0
_flag                          bssCOMRAM    000010
_get_time                      text20       000FA6
_i                             bssCOMRAM    00000A
_i2c_idle                      text28       0014DE
_i2c_no_ack                    text29       001544
_i2c_read                      text26       00150C
_i2c_rep_start                 text25       001534
_i2c_rx_mode                   text27       00153C
_i2c_start                     text24       00152C
_i2c_stop                      text23       001524
_i2c_write                     text22       001500
_init_adc                      text18       00144C
_init_clcd                     text17       000E7A
_init_config                   text9        001026
_init_ds1307                   text15       0012B6
_init_i2c                      text14       0014A2
_init_matrix_keypad            text13       0014CC
_init_timer0                   text12       0014B8
_isr                           intcode      000008
_key                           bssCOMRAM    00000F
_main                          text0        000C40
_menu                          text8        00154A
_my_strcmp                     text5        000F22
_pass                          bssCOMRAM    00001F
_password                      text4        00069C
_read_adc                      text3        0012FE
_read_ds1307                   text21       001422
_read_external_eeprom          text11       0013F8
_read_switches                 text1        0010A0
_scan_key                      text2        000B38
_temp_password                 bssCOMRAM    00001A
_tick_count                    dataCOMRAM   00004D
_time                          bssCOMRAM    000011
_write_ds1307                  text16       00146C
_write_external_eeprom         text10       001344
btemp                          temp         00004F
clcd_print@addr                cstackCOMRAM 000028
clcd_print@data                cstackCOMRAM 000026
clcd_putch@addr                cstackCOMRAM 000032
clcd_putch@data                cstackCOMRAM 000033
clcd_write@byte                cstackCOMRAM 000025
clcd_write@control_bit         cstackCOMRAM 000024
dashboard@F10501               dataCOMRAM   000044
dashboard@events               cstackCOMRAM 000035
end_of_initialization          cinit        0013B0
i2c_write@data                 cstackCOMRAM 000024
init_config@j                  cstackCOMRAM 000029
init_ds1307@dummy              cstackCOMRAM 000027
int$flags                      temp         00004F
int_func                       intcode_body 00125A
intlevel0                      text         000000
intlevel1                      text         000000
intlevel2                      text         000000
intlevel3                      text         000000
isa$std                        (abs)        000001
isa$xinst                      (abs)        000000
isr@count                      bssCOMRAM    000001
main@main_f                    cstackCOMRAM 000043
my_strcmp@k                    cstackCOMRAM 00002A
my_strcmp@last                 cstackCOMRAM 000028
my_strcmp@one                  cstackCOMRAM 000024
my_strcmp@two                  cstackCOMRAM 000025
password@delay                 cstackCOMRAM 00003E
password@key                   cstackCOMRAM 000042
password@wait                  cstackCOMRAM 000036
read_adc@channel               cstackCOMRAM 00002A
read_adc@reg_val               cstackCOMRAM 000028
read_ds1307@address            cstackCOMRAM 000025
read_ds1307@data               cstackCOMRAM 000026
read_external_eeprom@address   cstackCOMRAM 000025
read_external_eeprom@data      cstackCOMRAM 000026
read_switches@detection_type   cstackCOMRAM 000024
read_switches@key              bssCOMRAM    00000E
read_switches@once             dataCOMRAM   00004E
stackhi                        (abs)        000000
stacklo                        (abs)        000000
start                          init         00000E
start_initialization           cinit        001384
ttemp5                         temp         000050
ttemp6                         temp         000053
ttemp7                         temp         000057
write_ds1307@address           cstackCOMRAM 000026
write_ds1307@data              cstackCOMRAM 000025
write_external_eeprom@address  cstackCOMRAM 000028
write_external_eeprom@data     cstackCOMRAM 000025
write_external_eeprom@i        cstackCOMRAM 000026
wtemp8                         temp         000050


MODULE INFORMATION

Module		Function		Class		Link	Load	Size
password.c
		_my_strcmp     		CODE           	0F22	0000	132
		_password      		CODE           	069C	0000	802

password.c estimated size: 934

matrix_keypad.c
		_init_matrix_keypad		CODE           	14CC	0000	18
		_read_switches 		CODE           	10A0	0000	118
		_scan_key      		CODE           	0B38	0000	264

matrix_keypad.c estimated size: 400

C:\Program Files\Microchip\xc8\v2.46\pic\sources\c99\common\lwdiv.c
		___lwdiv       		CODE           	1116	0000	116

C:\Program Files\Microchip\xc8\v2.46\pic\sources\c99\common\lwdiv.c estimated size: 116

C:\Program Files\Microchip\xc8\v2.46\pic\sources\c99\common\awdiv.c
		___awdiv       		CODE           	0D06	0000	196

C:\Program Files\Microchip\xc8\v2.46\pic\sources\c99\common\awdiv.c estimated size: 196

i2c.c
		_i2c_start     		CODE           	152C	0000	8
		_i2c_no_ack    		CODE           	1544	0000	6
		_i2c_rep_start 		CODE           	1534	0000	8
		_i2c_idle      		CODE           	14DE	0000	18
		_i2c_write     		CODE           	1500	0000	12
		_i2c_stop      		CODE           	1524	0000	8
		_i2c_read      		CODE           	150C	0000	12
		_init_i2c      		CODE           	14A2	0000	22
		_i2c_rx_mode   		CODE           	153C	0000	8

i2c.c estimated size: 102

dashboard.c
		_display_time  		CODE           	14F0	0000	16
		_get_time      		CODE           	0FA6	0000	128
		_dashboard     		CODE           	09BE	0000	378

dashboard.c estimated size: 522

timer0.c
		_init_timer0   		CODE           	14B8	0000	20

timer0.c estimated size: 20

ds1307.c
		_read_ds1307   		CODE           	1422	0000	42
		_write_ds1307  		CODE           	146C	0000	30
		_init_ds1307   		CODE           	12B6	0000	72

ds1307.c estimated size: 144

adc.c
		_init_adc      		CODE           	144C	0000	32
		_read_adc      		CODE           	12FE	0000	70

adc.c estimated size: 102

isr.c
		_isr           		CODE           	0008	0000	98

isr.c estimated size: 98

external_eeprom.c
		_write_external_eeprom		CODE           	1344	0000	64
		_read_external_eeprom		CODE           	13F8	0000	42

external_eeprom.c estimated size: 106

shared
		__initialization		CODE           	1384	0000	44

shared estimated size: 44

clcd.c
		_clcd_write    		CODE           	13BE	0000	58
		_clcd_print    		CODE           	118A	0000	108
		_clcd_putch    		CODE           	148A	0000	24
		_init_clcd     		CODE           	0E7A	0000	168

clcd.c estimated size: 358

menu.c
		_menu          		CODE           	154A	0000	2

menu.c estimated size: 2

C:\Program Files\Microchip\xc8\v2.46\pic\sources\c99\common\lwmod.c
		___lwmod       		CODE           	11F6	0000	100

C:\Program Files\Microchip\xc8\v2.46\pic\sources\c99\common\lwmod.c estimated size: 100

C:\Program Files\Microchip\xc8\v2.46\pic\sources\c99\common\awmod.c
		___awmod       		CODE           	0DCA	0000	176

C:\Program Files\Microchip\xc8\v2.46\pic\sources\c99\common\awmod.c estimated size: 176

main.c
		_main          		CODE           	0C40	0000	198
		_init_config   		CODE           	1026	0000	122

main.c estimated size: 320

